// Jest Snapshot v1, https://goo.gl/fbAQLP

exports[`Pruebas en <Landing /> <Landing /> se renderiza bien 1`] = `
<div>
  <header
    className="hero"
  >
    <section
      className="container hero__main"
    >
      <div
        className="hero__textos"
      >
        <h1
          className="title"
        >
          La mejor 
          <span
            className="title--active"
          >
            Experiencia  Vivela.
          </span>
        </h1>
        <p
          className="copy"
        >
          Conoce las Mejores Recetas 
          <span
            className="copy__active"
          >
            Dietas de Alto nivel 
          </span>
        </p>
        Esto es una Pruaba
      </div>
      <video
        autoPlay={true}
        id="video-background"
        loop={true}
        muted={true}
      >
        <source
          src="video.mp4"
          type="video/mp4"
        />
      </video>
    </section>
  </header>
</div>
`;
